
Allocating common symbols
Common symbol       size              file

fifoHead            0x1c              binaries/ascdate.o
netbufpool          0x4               binaries/net.o
readylist           0x2               binaries/ready.o
rfltab              0x5a0             binaries/rflinit.o
pfErrCode           0x4               binaries/ascdate.o
sleepq              0x2               binaries/clkinit.o
prSem               0x4               binaries/ascdate.o
PAGE_SERVER_STATUS  0x1               binaries/initialize.o
nnames              0x4               binaries/naminit.o
udptab              0x168             binaries/udp.o
minheap             0x4               binaries/meminit.o
marks               0x50              binaries/mark.o
pgrpolicy           0x2               binaries/ascdate.o
currpid             0x4               binaries/initialize.o
Lf_data             0x20c             binaries/lfsinit.o
porttab             0x2d0             binaries/ptinit.o
girmask             0x2               binaries/evec.o
ttytab              0x10c             binaries/ttyinit.o
bs_sem              0x4               binaries/psinit.o
proctab             0x1f40            binaries/initialize.o
prcount             0x4               binaries/initialize.o
lfltab              0xf00             binaries/lflinit.o
bsdtab              0x1940            binaries/bsdent.o
rdstab              0x8c              binaries/rdsinit.o
ethertab            0x138             binaries/ethinit.o
NetData             0xa8              binaries/net.o
nmarks              0x4               binaries/mark.o
val                 0x4               binaries/pregs.o
Defer               0x8               binaries/resched.o
semtab              0x4b0             binaries/initialize.o
maxheap             0x4               binaries/meminit.o
preempt             0x4               binaries/clkinit.o
buftab              0xf0              binaries/bufinit.o
Rf_data             0x18              binaries/rfsinit.o
mkmutex             0x4               binaries/mark.o
bstab               0x80              binaries/psinit.o
sharedPTs           0x14              binaries/page.o
clktime             0x4               binaries/clkinit.o
pfCount             0x4               binaries/ascdate.o
arpcache            0x140             binaries/arp.o
icmptab             0x230             binaries/icmp.o
nbpools             0x4               binaries/bufinit.o
queuetab            0x980             binaries/queue.o
ptnextid            0x4               binaries/ptinit.o
Ram                 0x19000           binaries/raminit.o
ipoqueue            0x2c              binaries/ip.o
bs_init_sem         0x4               binaries/initialize.o
memlist             0x8               binaries/initialize.o
nametab             0x19a0            binaries/naminit.o
ptfree              0x4               binaries/ptinit.o
frametab            0x72d8            binaries/frame.o

Discarded input sections

 .group         0x0000000000000000        0x8 binaries/ascdate.o
 .group         0x0000000000000000        0x8 binaries/bufinit.o
 .group         0x0000000000000000        0x8 binaries/chprio.o
 .group         0x0000000000000000        0x8 binaries/clkhandler.o
 .text.__x86.get_pc_thunk.bx
                0x0000000000000000        0x4 binaries/clkhandler.o
 .group         0x0000000000000000        0x8 binaries/clkinit.o
 .text.__x86.get_pc_thunk.bx
                0x0000000000000000        0x4 binaries/clkinit.o
 .group         0x0000000000000000        0x8 binaries/close.o
 .text.__x86.get_pc_thunk.bx
                0x0000000000000000        0x4 binaries/close.o
 .group         0x0000000000000000        0x8 binaries/control.o
 .text.__x86.get_pc_thunk.bx
                0x0000000000000000        0x4 binaries/control.o
 .group         0x0000000000000000        0x8 binaries/createApps.o
 .text.__x86.get_pc_thunk.bx
                0x0000000000000000        0x4 binaries/createApps.o
 .group         0x0000000000000000        0x8 binaries/create.o
 .group         0x0000000000000000        0x8 binaries/create.o
 .text.__x86.get_pc_thunk.cx
                0x0000000000000000        0x4 binaries/create.o
 .text.__x86.get_pc_thunk.bx
                0x0000000000000000        0x4 binaries/create.o
 .group         0x0000000000000000        0x8 binaries/createVApps.o
 .text.__x86.get_pc_thunk.bx
                0x0000000000000000        0x4 binaries/createVApps.o
 .group         0x0000000000000000        0x8 binaries/early_imr.o
 .group         0x0000000000000000        0x8 binaries/early_imr.o
 .text.__x86.get_pc_thunk.ax
                0x0000000000000000        0x4 binaries/early_imr.o
 .text.__x86.get_pc_thunk.bx
                0x0000000000000000        0x4 binaries/early_imr.o
 .group         0x0000000000000000        0x8 binaries/evec.o
 .group         0x0000000000000000        0x8 binaries/evec.o
 .text.__x86.get_pc_thunk.ax
                0x0000000000000000        0x4 binaries/evec.o
[...]
Memory Configuration

Name             Origin             Length             Attributes
*default*        0x0000000000000000 0xffffffffffffffff

Linker script and memory map

                0x0000000000100000                physbase = 0x100000
                0x0000000000100000                . = physbase
                0x0000000000100000                . = ALIGN (0x1000)

.text           0x0000000000100000    0x1f000
                0x0000000000100000                text = ABSOLUTE (.)
 *(.text .text.*)
 .text          0x0000000000100000      0x148 binaries/start.o
                0x0000000000100024                start
                0x0000000000100096                inb
                0x000000000010009e                inw
                0x00000000001000a7                inl
                0x00000000001000af                outb
                0x00000000001000b9                outw
                0x00000000001000c4                outl
                0x00000000001000ce                _rtcin
                0x00000000001000d9                ___udivsi3
                0x00000000001000e4                ___divsi3
                0x00000000001000f0                sbzero
                0x0000000000100100                bcopy
                0x0000000000100114                insw
                0x000000000010012a                outsw
                0x0000000000100140                lidt
 .text          0x0000000000100148      0x404 binaries/ascdate.o
                0x0000000000100148                ascdate
 .text.__x86.get_pc_thunk.cx
                0x000000000010054c        0x4 binaries/ascdate.o
                0x000000000010054c                __x86.get_pc_thunk.cx
 .text          0x0000000000100550       0x20 binaries/bufinit.o
                0x0000000000100550                bufinit
 .text.__x86.get_pc_thunk.ax
                0x0000000000100570        0x4 binaries/bufinit.o
                0x0000000000100570                __x86.get_pc_thunk.ax
 .text          0x0000000000100574       0xa2 binaries/chprio.o
                0x0000000000100574                chprio
 .text.__x86.get_pc_thunk.bx
                0x0000000000100616        0x4 binaries/chprio.o
                0x0000000000100616                __x86.get_pc_thunk.bx
 .text          0x000000000010061a       0xd7 binaries/clkhandler.o
                0x000000000010061a                clkhandler
 .text          0x00000000001006f1       0x95 binaries/clkinit.o
                0x00000000001006f1                clkinit
 .text          0x0000000000100786       0x86 binaries/close.o
                0x0000000000100786                close
 .text          0x000000000010080c        0x0 binaries/conf.o
 .text          0x000000000010080c       0x8c binaries/control.o
                0x000000000010080c                control
 .text          0x0000000000100898      0x334 binaries/createApps.o
                0x0000000000100898                testHeap
                0x0000000000100983                testFrames
                0x0000000000100a87                testPages
                0x0000000000100b24                testFifo
 .text          0x0000000000100bcc      0x32b binaries/create.o
                0x0000000000100bcc                create
 .text          0x0000000000100ef7      0x662 binaries/createVApps.o
                0x0000000000100ef7                testPP
                0x000000000010108f                testP
                0x00000000001011e4                testPGF
                0x00000000001013a9                testA
                0x0000000000101481                testB
 .text          0x0000000000101559      0x30e binaries/early_imr.o
                0x0000000000101559                intel_cln_early_sb_read_reg
                0x00000000001015ea                intel_cln_early_sb_write_reg
                0x00000000001017c9                remove_irm_protections
 .text          0x0000000000101867      0x4c6 binaries/evec.o
                0x0000000000101867                initevec
                0x0000000000101978                set_evec
                0x0000000000101a36                setirmask
                0x0000000000101aa8                trap
 .text          0x0000000000101d2d       0xa1 binaries/freebuf.o
                0x0000000000101d2d                freebuf
 .text          0x0000000000101dce      0x195 binaries/freemem.o
                0x0000000000101dce                freemem
 .text          0x0000000000101f63       0x9f binaries/getbuf.o
                0x0000000000101f63                getbuf
 .text          0x0000000000102002       0x86 binaries/getc.o
                0x0000000000102002                getc
 .text          0x0000000000102088       0x86 binaries/getdev.o
                0x0000000000102088                getdev
 .text          0x000000000010210e      0x111 binaries/getitem.o
                0x000000000010210e                getfirst
                0x0000000000102164                getlast
                0x00000000001021bc                getitem
 .text.__x86.get_pc_thunk.dx
                0x000000000010221f        0x4 binaries/getitem.o
                0x000000000010221f                __x86.get_pc_thunk.dx
 .text          0x0000000000102223      0x132 binaries/getmem.o
                0x0000000000102223                getmem
 .text          0x0000000000102355       0x17 binaries/getpid.o
                0x0000000000102355                getpid
 .text          0x000000000010236c       0x8c binaries/getprio.o
                0x000000000010236c                getprio
 .text          0x00000000001023f8      0x119 binaries/getstk.o
                0x00000000001023f8                getstk
 .text          0x0000000000102511       0x4a binaries/gettime.o
                0x0000000000102511                gettime
 .text          0x000000000010255b      0x1f4 binaries/getutime.o
                0x000000000010255b                getutime
 .text          0x000000000010274f       0xd2 binaries/hooks.o
                0x000000000010274f                hook_ptable_create
                0x000000000010277d                hook_ptable_delete
                0x00000000001027ab                hook_pfault
                0x00000000001027d9                hook_pswap_out
                0x000000000010280a                get_faults
 .text          0x0000000000102821       0x86 binaries/init.o
                0x0000000000102821                init
 .text          0x00000000001028a7      0x4a4 binaries/initialize.o
                0x00000000001028a7                nulluser
                0x0000000000102c24                initialize_paging
                0x0000000000102cd8                stop
                0x0000000000102d13                delay
 .text          0x0000000000102d4b      0x105 binaries/insert.o
                0x0000000000102d4b                insert
 .text          0x0000000000102e50      0x13e binaries/insertd.o
                0x0000000000102e50                insertd
 .text          0x0000000000102f8e       0x14 binaries/ioerr.o
                0x0000000000102f8e                ioerr
 .text          0x0000000000102fa2       0x14 binaries/ionull.o
                0x0000000000102fa2                ionull
 .text          0x0000000000102fb6      0x20f binaries/kill.o
                0x0000000000102fb6                kill
 .text          0x00000000001031c5      0x15d binaries/kprintf.o
                0x00000000001031c5                console_init
                0x0000000000103222                kputc
                0x0000000000103288                kgetc
                0x00000000001032e6                kprintf
 .text          0x0000000000103322       0xbb binaries/main.o
                0x0000000000103322                main
 .text          0x00000000001033dd       0xf0 binaries/mark.o
                0x00000000001033dd                markinit
                0x0000000000103418                mark
 .text          0x00000000001034cd      0x18f binaries/meminit.o
                0x00000000001034cd                meminit
                0x0000000000103576                setsegs
 .text          0x000000000010365c      0x179 binaries/mkbufpool.o
                0x000000000010365c                mkbufpool
 .text          0x00000000001037d5       0xbb binaries/newqueue.o
                0x00000000001037d5                newqueue
 .text          0x0000000000103890       0x8c binaries/open.o
                0x0000000000103890                open
 .text          0x000000000010391c       0x2e binaries/panic.o
                0x000000000010391c                panic
 .text          0x000000000010394a      0x491 binaries/pci.o
                0x000000000010394a                pci_init
                0x0000000000103a10                find_pci_device
                0x0000000000103aeb                pci_read_config_byte
                0x0000000000103b53                pci_read_config_word
                0x0000000000103bbd                pci_read_config_dword
                0x0000000000103c25                pci_write_config_byte
                0x0000000000103c91                pci_write_config_word
                0x0000000000103cff                pci_write_config_dword
                0x0000000000103d65                pci_get_dev_mmio_base_addr
 .text          0x0000000000103ddb      0x272 binaries/pfHandler.o
                0x0000000000103ddb                pfhandler
 .text          0x000000000010404d       0x76 binaries/platinit.o
                0x000000000010404d                platinit
 .text          0x00000000001040c3      0x105 binaries/ptclear.o
                0x00000000001040c3                _ptclear
 .text          0x00000000001041c8       0xaf binaries/ptcount.o
                0x00000000001041c8                ptcount
 .text          0x0000000000104277      0x138 binaries/ptcreate.o
                0x0000000000104277                ptcreate
 .text          0x00000000001043af       0x94 binaries/ptdelete.o
                0x00000000001043af                ptdelete
 .text          0x0000000000104443       0xe7 binaries/ptinit.o
                0x0000000000104443                ptinit
 .text          0x000000000010452a      0x135 binaries/ptrecv.o
                0x000000000010452a                ptrecv
 .text          0x000000000010465f       0x89 binaries/ptreset.o
                0x000000000010465f                ptreset
 .text          0x00000000001046e8      0x15a binaries/ptsend.o
                0x00000000001046e8                ptsend
 .text          0x0000000000104842       0x91 binaries/putc.o
                0x0000000000104842                putc
 .text          0x00000000001048d3       0xdb binaries/quark_irq.o
                0x00000000001048d3                quark_irq_routing
 .text          0x00000000001049ae      0x20f binaries/quark_pdat.o
                0x00000000001049ae                get_quark_pdat_entry_data_by_id
                0x0000000000104ab0                get_quark_pdat_entry_data_by_desc
 .text          0x0000000000104bbd      0x144 binaries/queue.o
                0x0000000000104bbd                enqueue
                0x0000000000104c7c                dequeue
 .text          0x0000000000104d01       0x8c binaries/read.o
                0x0000000000104d01                read
 .text          0x0000000000104d8d       0x8c binaries/ready.o
                0x0000000000104d8d                ready
 .text          0x0000000000104e19       0x74 binaries/receive.o
                0x0000000000104e19                receive
 .text          0x0000000000104e8d       0x70 binaries/recvclr.o
                0x0000000000104e8d                recvclr
 .text          0x0000000000104efd       0xd5 binaries/recvtime.o
                0x0000000000104efd                recvtime
 .text          0x0000000000104fd2      0x1e0 binaries/resched.o
                0x0000000000104fd2                resched
                0x0000000000105114                resched_cntl
 .text          0x00000000001051b2       0xbf binaries/resume.o
                0x00000000001051b2                resume
 .text          0x0000000000105271       0x8a binaries/seek.o
                0x0000000000105271                seek
 .text          0x00000000001052fb       0x87 binaries/semcount.o
                0x00000000001052fb                semcount
 .text          0x0000000000105382      0x100 binaries/semcreate.o
                0x0000000000105382                semcreate
 .text          0x0000000000105482       0xdf binaries/semdelete.o
                0x0000000000105482                semdelete
 .text          0x0000000000105561       0xe3 binaries/semreset.o
                0x0000000000105561                semreset
 .text          0x0000000000105644      0x105 binaries/send.o
                0x0000000000105644                send
 .text          0x0000000000105749       0xba binaries/signal.o
                0x0000000000105749                signal
 .text          0x0000000000105803       0xe8 binaries/signaln.o
                0x0000000000105803                signaln
 .text          0x00000000001058eb      0x107 binaries/sleep.o
                0x00000000001058eb                sleep
                0x000000000010593d                sleepms
 .text          0x00000000001059f2      0x1c8 binaries/stacktrace.o
                0x00000000001059f2                stacktrace
 .text          0x0000000000105bba       0xf5 binaries/suspend.o
                0x0000000000105bba                suspend
 .text          0x0000000000105caf      0x100 binaries/unsleep.o
                0x0000000000105caf                unsleep
 .text          0x0000000000105daf       0x29 binaries/userret.o
                0x0000000000105daf                userret
 .text          0x0000000000105dd8      0x387 binaries/vcreate.o
                0x0000000000105dd8                vcreate
 .text          0x000000000010615f      0x228 binaries/vfreemem.o
                0x000000000010615f                vfreemem
 .text          0x0000000000106387      0x1c6 binaries/vgetmem.o
                0x0000000000106387                vgetmem
 .text          0x000000000010654d       0xf5 binaries/wait.o
                0x000000000010654d                wait
 .text          0x0000000000106642       0x98 binaries/wakeup.o
                0x0000000000106642                wakeup
 .text          0x00000000001066da       0x8c binaries/write.o
                0x00000000001066da                write
 .text          0x0000000000106766       0x2f binaries/xdone.o
                0x0000000000106766                xdone
 .text          0x0000000000106795       0x37 binaries/yield.o
                0x0000000000106795                yield
 .text          0x00000000001067cc       0x1b binaries/abs.o
                0x00000000001067cc                abs
 .text          0x00000000001067e7       0x99 binaries/atoi.o
                0x00000000001067e7                atoi
 .text          0x0000000000106880       0x99 binaries/atol.o
                0x0000000000106880                atol
 .text          0x0000000000106919       0x3c binaries/bzero.o
                0x0000000000106919                bzero
 .text          0x0000000000106955        0x0 binaries/ctype_.o
 .text          0x0000000000106955      0x7ee binaries/doprnt.o
                0x0000000000106955                _doprnt
 .text          0x0000000000107143      0x6cb binaries/doscan.o
                0x0000000000107143                _doscan
 .text.__x86.get_pc_thunk.di
                0x000000000010780e        0x4 binaries/doscan.o
                0x000000000010780e                __x86.get_pc_thunk.di
 .text          0x0000000000107812      0x76a binaries/fdoprnt.o
                0x0000000000107812                _fdoprnt
 .text          0x0000000000107f7c       0x39 binaries/fgetc.o
                0x0000000000107f7c                fgetc
 .text          0x0000000000107fb5       0x84 binaries/fgets.o
                0x0000000000107fb5                fgets
 .text          0x0000000000108039       0x3c binaries/fprintf.o
                0x0000000000108039                fprintf
 .text          0x0000000000108075       0x3c binaries/fputc.o
                0x0000000000108075                fputc
 .text          0x00000000001080b1       0x52 binaries/fputs.o
                0x00000000001080b1                fputs
 .text          0x0000000000108103       0xb8 binaries/fscanf.o
                0x0000000000108103                fscanf
 .text          0x00000000001081bb       0x46 binaries/getchar.o
                0x00000000001081bb                getchar
 .text          0x0000000000108201       0x1b binaries/labs.o
                0x0000000000108201                labs
 .text          0x000000000010821c       0x44 binaries/memchr.o
                0x000000000010821c                memchr
 .text          0x0000000000108260       0x5b binaries/memcmp.o
                0x0000000000108260                memcmp
 .text          0x00000000001082bb       0x49 binaries/memcpy.o
                0x00000000001082bb                memcpy
 .text          0x0000000000108304       0x3a binaries/memset.o
                0x0000000000108304                memset
 .text          0x000000000010833e       0x5e binaries/printf.o
                0x000000000010833e                printf
 .text          0x000000000010839c       0x49 binaries/putchar.o
                0x000000000010839c                putchar
 .text          0x00000000001083e5      0x2b7 binaries/qsort.o
                0x00000000001083e5                qsort
 .text          0x000000000010869c       0x4e binaries/rand.o
                0x000000000010869c                srand
                0x00000000001086b5                rand
 .text          0x00000000001086ea       0x82 binaries/sprintf.o
                0x00000000001086ea                sprintf
 .text          0x000000000010876c       0x98 binaries/sscanf.o
                0x000000000010876c                sscanf
 .text          0x0000000000108804       0x46 binaries/strchr.o
                0x0000000000108804                strchr
 .text          0x000000000010884a       0x4f binaries/strcmp.o
                0x000000000010884a                strcmp
 .text          0x0000000000108899       0x31 binaries/strcpy.o
                0x0000000000108899                strcpy
 .text          0x00000000001088ca       0x30 binaries/strlen.o
                0x00000000001088ca                strlen
 .text          0x00000000001088fa       0x60 binaries/strncat.o
                0x00000000001088fa                strncat
 .text          0x000000000010895a       0x68 binaries/strncmp.o
                0x000000000010895a                strncmp
 .text          0x00000000001089c2       0x59 binaries/strncpy.o
                0x00000000001089c2                strncpy
 .text          0x0000000000108a1b       0x38 binaries/strnlen.o
                0x0000000000108a1b                strnlen
 .text          0x0000000000108a53       0x4f binaries/strrchr.o
                0x0000000000108a53                strrchr
 .text          0x0000000000108aa2       0x78 binaries/strstr.o
                0x0000000000108aa2                strstr
 .text          0x0000000000108b1a       0xff binaries/ttycontrol.o
                0x0000000000108b1a                ttycontrol
 .text          0x0000000000108c19       0xaf binaries/ttygetc.o
                0x0000000000108c19                ttygetc
 .text          0x0000000000108cc8      0x708 binaries/ttyhandle_in.o
                0x0000000000108cc8                ttyhandle_in
 .text          0x00000000001093d0      0x197 binaries/ttyhandle_out.o
                0x00000000001093d0                ttyhandle_out
 .text          0x0000000000109567       0xd7 binaries/ttyhandler.o
                0x0000000000109567                ttyhandler
 .text          0x000000000010963e      0x1fd binaries/ttyinit.o
                0x000000000010963e                ttyinit
 .text          0x000000000010983b       0x1a binaries/ttykickout.o
                0x000000000010983b                ttykickout
 .text          0x0000000000109855       0xcd binaries/ttyputc.o
                0x0000000000109855                ttyputc
 .text          0x0000000000109922      0x131 binaries/ttyread.o
                0x0000000000109922                ttyread
 .text          0x0000000000109a53       0x5c binaries/ttywrite.o
                0x0000000000109a53                ttywrite
 .text          0x0000000000109aaf      0x174 binaries/mount.o
                0x0000000000109aaf                mount
                0x0000000000109be3                namlen
 .text          0x0000000000109c23      0x220 binaries/naminit.o
                0x0000000000109c23                naminit
 .text          0x0000000000109e43      0x243 binaries/nammap.o
                0x0000000000109e43                nammap
                0x0000000000109ee0                namrepl
                0x000000000010a02c                namcpy
 .text          0x000000000010a086       0x5d binaries/namopen.o
                0x000000000010a086                namopen
 .text          0x000000000010a0e3      0x1bb binaries/colon2mac.o
                0x000000000010a0e3                colon2mac
 .text          0x000000000010a29e       0xa8 binaries/ethcontrol.o
                0x000000000010a29e                ethcontrol
 .text          0x000000000010a346      0x1cd binaries/ethhandler.o
                0x000000000010a346                ethhandler
 .text          0x000000000010a513      0x79c binaries/ethinit.o
                0x000000000010a513                eth_phy_read
                0x000000000010a587                eth_phy_write
                0x000000000010a606                eth_phy_reset
                0x000000000010a75a                ethinit
 .text.__x86.get_pc_thunk.si
                0x000000000010acaf        0x4 binaries/ethinit.o
                0x000000000010acaf                __x86.get_pc_thunk.si
 .text          0x000000000010acb3      0x19c binaries/ethmcast.o
                0x000000000010acb3                ethmcast_add
                0x000000000010ad40                ethmcast_remove
 .text          0x000000000010ae4f      0x1a1 binaries/ethread.o
                0x000000000010ae4f                ethread
 .text          0x000000000010aff0      0x10a binaries/ethwrite.o
                0x000000000010aff0                ethwrite
 .text          0x000000000010b0fa       0xaf binaries/rdsbufalloc.o
                0x000000000010b0fa                rdsbufalloc
 .text          0x000000000010b1a9       0xcf binaries/rdsclose.o
                0x000000000010b1a9                rdsclose
 .text          0x000000000010b278      0x2d2 binaries/rdscomm.o
                0x000000000010b278                rdscomm
 .text          0x000000000010b54a      0x20b binaries/rdscontrol.o
                0x000000000010b54a                rdscontrol
 .text          0x000000000010b755      0x1b3 binaries/rdsinit.o
                0x000000000010b755                rdsinit
 .text          0x000000000010b908      0x1a4 binaries/rdsopen.o
                0x000000000010b908                rdsopen
 .text          0x000000000010baac      0x4ea binaries/rdsprocess.o
                0x000000000010baac                rdsprocess
 .text          0x000000000010bf96      0x235 binaries/rdsread.o
                0x000000000010bf96                rdsread
 .text          0x000000000010c1cb      0x1df binaries/rdswrite.o
                0x000000000010c1cb                rdswrite
 .text          0x000000000010c3aa       0x14 binaries/ramclose.o
                0x000000000010c3aa                ramclose
 .text          0x000000000010c3be       0x58 binaries/raminit.o
                0x000000000010c3be                raminit
 .text          0x000000000010c416       0x14 binaries/ramopen.o
                0x000000000010c416                ramopen
 .text          0x000000000010c42a       0x47 binaries/ramread.o
                0x000000000010c42a                ramread
 .text          0x000000000010c471       0x47 binaries/ramwrite.o
                0x000000000010c471                ramwrite
 .text          0x000000000010c4b8       0xc4 binaries/lfdballoc.o
                0x000000000010c4b8                lfdballoc
 .text          0x000000000010c57c       0x6a binaries/lfdbfree.o
                0x000000000010c57c                lfdbfree
 .text          0x000000000010c5e6       0xe0 binaries/lfflush.o
                0x000000000010c5e6                lfflush
 .text          0x000000000010c6c6       0xe2 binaries/lfgetmode.o
                0x000000000010c6c6                lfgetmode
 .text          0x000000000010c7a8       0x92 binaries/lfiballoc.o
                0x000000000010c7a8                lfiballoc
 .text          0x000000000010c83a       0x45 binaries/lfibclear.o
                0x000000000010c83a                lfibclear
 .text          0x000000000010c87f       0xbc binaries/lfibget.o
                0x000000000010c87f                lfibget
 .text          0x000000000010c93b       0xeb binaries/lfibput.o
                0x000000000010c93b                lfibput
 .text          0x000000000010ca26       0xbb binaries/lflclose.o
                0x000000000010ca26                lflclose
 .text          0x000000000010cae1       0xef binaries/lflcontrol.o
                0x000000000010cae1                lflcontrol
 .text          0x000000000010cbd0      0x104 binaries/lflgetc.o
                0x000000000010cbd0                lflgetc
 .text          0x000000000010ccd4      0x102 binaries/lflinit.o
                0x000000000010ccd4                lflinit
 .text          0x000000000010cdd6      0x13a binaries/lflputc.o
                0x000000000010cdd6                lflputc
 .text          0x000000000010cf10       0x7f binaries/lflread.o
                0x000000000010cf10                lflread
 .text          0x000000000010cf8f       0xbe binaries/lflseek.o
                0x000000000010cf8f                lflseek
 .text          0x000000000010d04d       0x64 binaries/lflwrite.o
                0x000000000010d04d                lflwrite
 .text          0x000000000010d0b1      0x159 binaries/lfsckfmt.o
                0x000000000010d0b1                lfsckfmt
 .text          0x000000000010d20a      0x1be binaries/lfscreate.o
                0x000000000010d20a                lfscreate
 .text          0x000000000010d3c8      0x2a3 binaries/lfsetup.o
                0x000000000010d3c8                lfsetup
 .text          0x000000000010d66b       0x81 binaries/lfsinit.o
                0x000000000010d66b                lfsinit
 .text          0x000000000010d6ec      0x3c0 binaries/lfsopen.o
                0x000000000010d6ec                lfsopen
 .text          0x000000000010daac      0x18a binaries/lftruncate.o
                0x000000000010daac                lftruncate
 .text          0x000000000010dc36       0x8f binaries/rflclose.o
                0x000000000010dc36                rflclose
 .text          0x000000000010dcc5       0x42 binaries/rflgetc.o
                0x000000000010dcc5                rflgetc
 .text          0x000000000010dd07       0x86 binaries/rflinit.o
                0x000000000010dd07                rflinit
 .text          0x000000000010dd8d       0x5f binaries/rflputc.o
                0x000000000010dd8d                rflputc
 .text          0x000000000010ddec      0x396 binaries/rflread.o
                0x000000000010ddec                rflread
 .text          0x000000000010e182       0x92 binaries/rflseek.o
                0x000000000010e182                rflseek
 .text          0x000000000010e214      0x381 binaries/rflwrite.o
                0x000000000010e214                rflwrite
 .text          0x000000000010e595      0x21d binaries/rfscomm.o
                0x000000000010e595                rfscomm
 .text          0x000000000010e7b2      0x2cc binaries/rfscontrol.o
                0x000000000010e7b2                rfscontrol
 .text          0x000000000010ea7e       0xe2 binaries/rfsgetmode.o
                0x000000000010ea7e                rfsgetmode
 .text          0x000000000010eb60       0xb5 binaries/rfsinit.o
                0x000000000010eb60                rfsinit
 .text          0x000000000010ec15      0x122 binaries/rfsndmsg.o
                0x000000000010ec15                rfsndmsg
 .text          0x000000000010ed37      0x2e3 binaries/rfsopen.o
                0x000000000010ed37                rfsopen
 .text          0x000000000010f01a      0x8e6 binaries/arp.o
                0x000000000010f01a                arp_init
                0x000000000010f060                arp_resolve
                0x000000000010f34e                arp_in
                0x000000000010f630                arp_alloc
                0x000000000010f712                arp_ntoh
                0x000000000010f809                arp_hton
 .text          0x000000000010f900      0x842 binaries/dhcp.o
                0x000000000010f900                dhcp_get_opt_val
                0x000000000010f963                dhcp_bld_bootp_msg
                0x000000000010fa8a                dhcp_bld_disc
                0x000000000010fb69                dhcp_bld_req
                0x000000000010fcc1                getlocalip
 .text          0x0000000000110142       0xf4 binaries/dot2ip.o
                0x0000000000110142                dot2ip
 .text          0x0000000000110236      0x528 binaries/hexdump.o
                0x0000000000110236                hexdump
                0x0000000000110404                hexadump
 .text          0x000000000011075e      0x939 binaries/icmp.o
                0x000000000011075e                icmp_init
                0x00000000001107a4                icmp_in
                0x0000000000110985                icmp_register
                0x0000000000110a8f                icmp_recv
                0x0000000000110c2d                icmp_send
                0x0000000000110cc2                icmp_mkpkt
                0x0000000000110df6                icmp_release
                0x0000000000110f03                icmp_cksum
                0x0000000000110f99                icmp_hton
                0x0000000000111018                icmp_ntoh
 .text          0x0000000000111097      0x96c binaries/ip.o
                0x0000000000111097                ip_in
                0x000000000011123c                ip_send
                0x00000000001113be                ip_local
                0x000000000011141f                ip_out
                0x0000000000111567                ipcksum
                0x00000000001115f7                ip_ntoh
                0x00000000001116ee                ip_hton
                0x00000000001117e5                ipout
                0x000000000011193c                ip_enqueue
 .text          0x0000000000111a03      0x288 binaries/net.o
                0x0000000000111a03                net_init
                0x0000000000111b53                netin
                0x0000000000111c21                eth_hton
                0x0000000000111c56                eth_ntoh
 .text          0x0000000000111c8b      0x156 binaries/netstart.o
                0x0000000000111c8b                netstart
 .text          0x0000000000111de1     0x15bc binaries/pdump.o
                0x0000000000111de1                pdump
                0x0000000000112c39                pdumph
 .text          0x000000000011339d      0x68a binaries/tftp.o
                0x000000000011339d                tftp_send1
                0x0000000000113530                tftpget
                0x000000000011356c                tftpget_mb
 .text          0x0000000000113a27      0xc36 binaries/udp.o
                0x0000000000113a27                udp_init
                0x0000000000113a6d                udp_in
                0x0000000000113bc0                udp_register
                0x0000000000113d0f                udp_recv
                0x0000000000113ebe                udp_recvaddr
                0x0000000000114085                udp_send
                0x0000000000114288                udp_sendto
                0x0000000000114453                udp_release
                0x000000000011455f                udp_ntoh
                0x00000000001145de                udp_hton
 .text          0x000000000011465d      0x14d binaries/addargs.o
                0x000000000011465d                addargs
 .text          0x00000000001147aa      0x2d1 binaries/lexan.o
                0x00000000001147aa                lexan
 .text          0x0000000000114a7b      0x6dd binaries/shell.o
                0x0000000000114a7b                shell
 .text          0x0000000000115158       0x7e binaries/xsh_argecho.o
                0x0000000000115158                xsh_argecho
 .text          0x00000000001151d6      0x2cc binaries/xsh_arp.o
                0x00000000001151d6                xsh_arp
 .text          0x00000000001154a2      0x2ae binaries/xsh_cat.o
                0x00000000001154a2                xsh_cat
 .text          0x0000000000115750       0x7a binaries/xsh_clear.o
                0x0000000000115750                xsh_clear
 .text          0x00000000001157ca      0x354 binaries/xsh_date.o
                0x00000000001157ca                xsh_date
 .text          0x0000000000115b1e       0xcb binaries/xsh_devdump.o
                0x0000000000115b1e                xsh_devdump
 .text          0x0000000000115be9       0x87 binaries/xsh_echo.o
                0x0000000000115be9                xsh_echo
 .text          0x0000000000115c70       0x14 binaries/xsh_exit.o
                0x0000000000115c70                xsh_exit
 .text          0x0000000000115c84      0x3e9 binaries/xsh_help.o
                0x0000000000115c84                xsh_help
 .text          0x000000000011606d      0x4ff binaries/xsh_ipaddr.o
                0x000000000011606d                xsh_ipaddr
 .text          0x000000000011656c      0x287 binaries/xsh_kill.o
                0x000000000011656c                xsh_kill
 .text          0x00000000001167f3      0x578 binaries/xsh_memdump.o
                0x00000000001167f3                xsh_memdump
 .text          0x0000000000116d6b      0x316 binaries/xsh_memstat.o
                0x0000000000116d6b                xsh_memstat
 .text          0x0000000000117081      0x3c2 binaries/xsh_ping.o
                0x0000000000117081                xsh_ping
 .text          0x0000000000117443      0x27c binaries/xsh_ps.o
                0x0000000000117443                xsh_ps
 .text          0x00000000001176bf      0x266 binaries/xsh_sleep.o
                0x00000000001176bf                xsh_sleep
 .text          0x0000000000117925      0x2d8 binaries/xsh_udpdump.o
                0x0000000000117925                xsh_udpdump
 .text          0x0000000000117bfd      0x532 binaries/xsh_udpecho.o
                0x0000000000117bfd                xsh_udpecho
 .text          0x000000000011812f      0x2fb binaries/xsh_udpeserver.o
                0x000000000011812f                xsh_udpeserver
 .text          0x000000000011842a      0x230 binaries/xsh_uptime.o
                0x000000000011842a                xsh_uptime
 .text          0x000000000011865a       0xc2 binaries/allocate_bs.o
                0x000000000011865a                allocate_bs
 .text          0x000000000011871c      0x8c6 binaries/bsdent.o
                0x000000000011871c                initBsds
                0x0000000000118801                addMapping
                0x0000000000118910                sendBs
                0x0000000000118b85                getBs
                0x0000000000118def                removeMapping
 .text          0x0000000000118fe2       0xad binaries/close_bs.o
                0x0000000000118fe2                close_bs
 .text          0x000000000011908f       0xd1 binaries/deallocate_bs.o
                0x000000000011908f                deallocate_bs
 .text          0x0000000000119160      0xb71 binaries/frame.o
                0x0000000000119160                initFrames
                0x0000000000119321                printFrames
                0x0000000000119415                getDSFrame
                0x00000000001194d8                getPFrame
                0x000000000011971c                setFrameType
                0x00000000001197b9                freeFrames
                0x000000000011994b                addFifo
                0x00000000001199da                removeFifo
                0x0000000000119b7a                deleteFifo
                0x0000000000119c01                printFifo
 .text          0x0000000000119cd1      0x101 binaries/get_bs.o
                0x0000000000119cd1                get_bs
 .text          0x0000000000119dd2       0xad binaries/open_bs.o
                0x0000000000119dd2                open_bs
 .text          0x0000000000119e7f      0x949 binaries/page.o
                0x0000000000119e7f                setSharedPTs
                0x000000000011a1e4                getPD
                0x000000000011a40b                getPT
                0x000000000011a5a1                updatePT
                0x000000000011a648                printPD
                0x000000000011a708                printPT
 .text          0x000000000011a7c8       0xf8 binaries/pregs.o
                0x000000000011a7c8                enablePaging
                0x000000000011a825                setPDBR
                0x000000000011a881                getCR2
 .text          0x000000000011a8c0      0x14c binaries/psinit.o
                0x000000000011a8c0                psinit
 .text          0x000000000011aa0c      0x1fd binaries/read_bs.o
                0x000000000011aa0c                read_bs
 .text          0x000000000011ac09       0xe4 binaries/release_bs.o
                0x000000000011ac09                release_bs
 .text          0x000000000011aced      0x1b1 binaries/write_bs.o
                0x000000000011aced                write_bs
 .text          0x000000000011ae9e        0xe binaries/clkdisp.o
                0x000000000011ae9e                clkdisp
 .text          0x000000000011aeac       0x19 binaries/ctxsw.o
                0x000000000011aeac                ctxsw
 .text          0x000000000011aec5      0x368 binaries/intr.o
                0x000000000011aec5                disable
                0x000000000011aece                restore
                0x000000000011aedc                enable
                0x000000000011aede                pause
                0x000000000011aee5                halt
                0x000000000011aee8                spurious_irq7
                0x000000000011aeed                spurious_irq15
                0x000000000011aefc                _Xint0
                0x000000000011af07                _Xint1
                0x000000000011af12                _Xint2
                0x000000000011af1d                _Xint3
                0x000000000011af28                _Xint4
                0x000000000011af33                _Xint5
                0x000000000011af3e                _Xint6
                0x000000000011af49                _Xint7
                0x000000000011af54                _Xint8
                0x000000000011af5f                _Xint9
                0x000000000011af6a                _Xint10
                0x000000000011af75                _Xint11
                0x000000000011af83                _Xint12
                0x000000000011af91                _Xint13
                0x000000000011af9f                _Xint14
                0x000000000011afad                _Xint15
                0x000000000011afbb                _Xint16
                0x000000000011afc9                _Xint17
                0x000000000011afd7                _Xint18
                0x000000000011afe5                _Xint19
                0x000000000011aff3                _Xint20
                0x000000000011b001                _Xint21
                0x000000000011b00f                _Xint22
                0x000000000011b01d                _Xint23
                0x000000000011b02b                _Xint24
                0x000000000011b039                _Xint25
                0x000000000011b047                _Xint26
                0x000000000011b055                _Xint27
                0x000000000011b063                _Xint28
                0x000000000011b071                _Xint29
                0x000000000011b07f                _Xint30
                0x000000000011b08d                _Xint31
                0x000000000011b09b                _Xint32
                0x000000000011b0a9                _Xint33
                0x000000000011b0b7                _Xint34
                0x000000000011b0c5                _Xint35
                0x000000000011b0d3                _Xint36
                0x000000000011b0e1                _Xint37
                0x000000000011b0ef                _Xint38
                0x000000000011b0fd                _Xint39
                0x000000000011b10b                _Xint40
                0x000000000011b119                _Xint41
                0x000000000011b127                _Xint42
                0x000000000011b135                _Xint43
                0x000000000011b143                _Xint44
                0x000000000011b151                _Xint45
                0x000000000011b15f                _Xint46
                0x000000000011b16d                defevec
 .text          0x000000000011b22d       0x10 binaries/pfisr.o
                0x000000000011b22d                pfisr
 .text          0x000000000011b23d        0xf binaries/ttydispatch.o
                0x000000000011b23d                ttydispatch
 .text          0x000000000011b24c       0x13 binaries/ethdispatch.o
                0x000000000011b24c                ethdispatch
 *(.rodata .rodata.*)
 *fill*         0x000000000011b25f        0x1 
 .rodata        0x000000000011b260       0x8e binaries/ascdate.o
 .rodata        0x000000000011b2ee       0x5f binaries/conf.o
 *fill*         0x000000000011b34d        0x3 
 .rodata        0x000000000011b350       0xb7 binaries/createApps.o
 *fill*         0x000000000011b407        0x1 
 .rodata        0x000000000011b408      0x1bb binaries/createVApps.o
 *fill*         0x000000000011b5c3        0x1 
 .rodata        0x000000000011b5c4       0x83 binaries/early_imr.o
 *fill*         0x000000000011b647        0x1 
 .rodata        0x000000000011b648      0x231 binaries/evec.o
 *fill*         0x000000000011b879        0x3 
 .rodata        0x000000000011b87c       0x60 binaries/getutime.o
 .rodata        0x000000000011b8dc       0x79 binaries/hooks.o
 *fill*         0x000000000011b955        0x3 
 .rodata        0x000000000011b958      0x162 binaries/initialize.o
 *fill*         0x000000000011baba        0x2 
 .rodata        0x000000000011babc       0x40 binaries/kill.o
 .rodata        0x000000000011bafc       0x1f binaries/main.o
 .rodata        0x000000000011bb1b        0xf binaries/panic.o
 *fill*         0x000000000011bb2a        0x2 
 .rodata        0x000000000011bb2c       0x5e binaries/pfHandler.o
 .rodata        0x000000000011bb8a       0x1c binaries/ptinit.o
 *fill*         0x000000000011bba6        0x2 
 .rodata        0x000000000011bba8       0x25 binaries/ptsend.o
 .rodata        0x000000000011bbcd       0x22 binaries/quark_pdat.o
 *fill*         0x000000000011bbef        0x1 
 .rodata        0x000000000011bbf0       0xb7 binaries/stacktrace.o
 *fill*         0x000000000011bca7        0x1 
 .rodata        0x000000000011bca8       0x20 binaries/vcreate.o
 .rodata        0x000000000011bcc8       0x14 binaries/vfreemem.o
 .rodata        0x000000000011bcdc       0x35 binaries/vgetmem.o
 *fill*         0x000000000011bd11        0x3 
 .rodata        0x000000000011bd14       0x27 binaries/xdone.o
 *fill*         0x000000000011bd3b        0x5 
 .rodata        0x000000000011bd40       0x81 binaries/ctype_.o
                0x000000000011bd40                _ctype_
 *fill*         0x000000000011bdc1        0x3 
 .rodata        0x000000000011bdc4       0xee binaries/doprnt.o
 *fill*         0x000000000011beb2        0x2 
 .rodata        0x000000000011beb4       0x98 binaries/doscan.o
 .rodata        0x000000000011bf4c       0xae binaries/fdoprnt.o
 *fill*         0x000000000011bffa        0x2 
 .rodata        0x000000000011bffc       0x20 binaries/ttycontrol.o
 .rodata        0x000000000011c01c       0x34 binaries/ttyhandler.o
 .rodata        0x000000000011c050       0x80 binaries/naminit.o
 .rodata        0x000000000011c0d0       0x46 binaries/ethinit.o
 *fill*         0x000000000011c116        0x2 
 .rodata        0x000000000011c118       0x2c binaries/rdsbufalloc.o
 .rodata        0x000000000011c144       0x76 binaries/rdscomm.o
 *fill*         0x000000000011c1ba        0x2 
 .rodata        0x000000000011c1bc       0x48 binaries/rdscontrol.o
 .rodata        0x000000000011c204       0x6a binaries/rdsinit.o
 *fill*         0x000000000011c26e        0x2 
 .rodata        0x000000000011c270       0x22 binaries/rdsopen.o
 *fill*         0x000000000011c292        0x2 
 .rodata        0x000000000011c294       0x4d binaries/rdsprocess.o
 .rodata        0x000000000011c2e1        0x9 binaries/raminit.o
 *fill*         0x000000000011c2ea        0x2 
 .rodata        0x000000000011c2ec       0x37 binaries/lfdballoc.o
 .rodata        0x000000000011c323       0x14 binaries/lfiballoc.o
 *fill*         0x000000000011c337        0x1 
 .rodata        0x000000000011c338       0x23 binaries/lflcontrol.o
 *fill*         0x000000000011c35b        0x1 
 .rodata        0x000000000011c35c       0xb7 binaries/lfsckfmt.o
 *fill*         0x000000000011c413        0x1 
 .rodata        0x000000000011c414       0x21 binaries/rflread.o
 *fill*         0x000000000011c435        0x3 
 .rodata        0x000000000011c438       0x21 binaries/rflwrite.o
 *fill*         0x000000000011c459        0x3 
 .rodata        0x000000000011c45c       0x75 binaries/rfscomm.o
 *fill*         0x000000000011c4d1        0x3 
 .rodata        0x000000000011c4d4       0x3c binaries/rfscontrol.o
 .rodata        0x000000000011c510       0x67 binaries/rfsinit.o
 *fill*         0x000000000011c577        0x1 
 .rodata        0x000000000011c578       0x2a binaries/rfsndmsg.o
 *fill*         0x000000000011c5a2        0x2 
 .rodata        0x000000000011c5a4       0x22 binaries/rfsopen.o
 *fill*         0x000000000011c5c6        0x2 
 .rodata        0x000000000011c5c8       0x3a binaries/arp.o
 *fill*         0x000000000011c602        0x2 
 .rodata        0x000000000011c604       0xef binaries/dhcp.o
 *fill*         0x000000000011c6f3        0x1 
 .rodata        0x000000000011c6f4       0xc9 binaries/hexdump.o
 *fill*         0x000000000011c7bd        0x3 
 .rodata        0x000000000011c7c0       0x29 binaries/icmp.o
 *fill*         0x000000000011c7e9        0x3 
 .rodata        0x000000000011c7ec       0x6e binaries/ip.o
 *fill*         0x000000000011c85a        0x2 
 .rodata        0x000000000011c85c       0x4f binaries/net.o
 *fill*         0x000000000011c8ab        0x1 
 .rodata        0x000000000011c8ac       0xcf binaries/netstart.o
 *fill*         0x000000000011c97b        0x1 
 .rodata        0x000000000011c97c      0x26f binaries/pdump.o
 *fill*         0x000000000011cbeb        0x1 
 .rodata        0x000000000011cbec      0x154 binaries/tftp.o
 .rodata        0x000000000011cd40      0x2c5 binaries/shell.o
 .rodata        0x000000000011d005       0x28 binaries/xsh_argecho.o
 *fill*         0x000000000011d02d        0x3 
 .rodata        0x000000000011d030      0x123 binaries/xsh_arp.o
 *fill*         0x000000000011d153        0x1 
 .rodata        0x000000000011d154       0xc9 binaries/xsh_cat.o
 .rodata        0x000000000011d21d       0x15 binaries/xsh_clear.o
 *fill*         0x000000000011d232        0x2 
 .rodata        0x000000000011d234      0x1c3 binaries/xsh_date.o
 .rodata        0x000000000011d3f7       0x5d binaries/xsh_devdump.o
 .rodata        0x000000000011d454        0x9 binaries/xsh_echo.o
 *fill*         0x000000000011d45d        0x3 
 .rodata        0x000000000011d460      0x169 binaries/xsh_help.o
 *fill*         0x000000000011d5c9        0x3 
 .rodata        0x000000000011d5cc      0x194 binaries/xsh_ipaddr.o
 .rodata        0x000000000011d760      0x12e binaries/xsh_kill.o
 *fill*         0x000000000011d88e        0x2 
 .rodata        0x000000000011d890      0x252 binaries/xsh_memdump.o
 *fill*         0x000000000011dae2        0x2 
 .rodata        0x000000000011dae4      0x225 binaries/xsh_memstat.o
 *fill*         0x000000000011dd09        0x3 
 .rodata        0x000000000011dd0c      0x175 binaries/xsh_ping.o
 *fill*         0x000000000011de81        0x3 
 .rodata        0x000000000011de84      0x1a8 binaries/xsh_ps.o
 .rodata        0x000000000011e02c       0xeb binaries/xsh_sleep.o
 *fill*         0x000000000011e117        0x1 
 .rodata        0x000000000011e118      0x1b8 binaries/xsh_udpdump.o
 .rodata        0x000000000011e2d0      0x215 binaries/xsh_udpecho.o
 *fill*         0x000000000011e4e5        0x3 
 .rodata        0x000000000011e4e8      0x12b binaries/xsh_udpeserver.o
 *fill*         0x000000000011e613        0x1 
 .rodata        0x000000000011e614      0x105 binaries/xsh_uptime.o
 *fill*         0x000000000011e719        0x3 
 .rodata        0x000000000011e71c      0x1a7 binaries/bsdent.o
 *fill*         0x000000000011e8c3        0x1 
 .rodata        0x000000000011e8c4      0x174 binaries/frame.o
 .rodata        0x000000000011ea38       0xd2 binaries/page.o
 *fill*         0x000000000011eb0a        0x2 
 .rodata        0x000000000011eb0c       0xb6 binaries/psinit.o
 *fill*         0x000000000011ebc2        0x2 
 .rodata        0x000000000011ebc4       0x75 binaries/read_bs.o
 *fill*         0x000000000011ec39        0x3 
 .rodata        0x000000000011ec3c       0x43 binaries/release_bs.o
 *fill*         0x000000000011ec7f        0x1 
 .rodata        0x000000000011ec80       0x74 binaries/write_bs.o
                0x000000000011ecf4                etext = ABSOLUTE (.)
                0x000000000011f000                . = ALIGN (0x1000)
 *fill*         0x000000000011ecf4      0x30c 

.eh_frame       0x000000000011f000     0x36bc
 .eh_frame      0x000000000011f000       0x50 binaries/ascdate.o
 .eh_frame      0x000000000011f050       0x34 binaries/bufinit.o
                                         0x4c (size before relaxing)
 .eh_frame      0x000000000011f084       0x38 binaries/chprio.o
                                         0x50 (size before relaxing)
 .eh_frame      0x000000000011f0bc       0x24 binaries/clkhandler.o
                                         0x50 (size before relaxing)
 .eh_frame      0x000000000011f0e0       0x24 binaries/clkinit.o
                                         0x50 (size before relaxing)
 .eh_frame      0x000000000011f104       0x24 binaries/close.o
                                         0x50 (size before relaxing)
 .eh_frame      0x000000000011f128       0x24 binaries/control.o
                                         0x50 (size before relaxing)
 .eh_frame      0x000000000011f14c       0x90 binaries/createApps.o
                                         0xbc (size before relaxing)
 .eh_frame      0x000000000011f1dc       0x48 binaries/create.o
                                         0x88 (size before relaxing)
 .eh_frame      0x000000000011f224       0xac binaries/createVApps.o
                                         0xd8 (size before relaxing)
 .eh_frame      0x000000000011f2d0      0x114 binaries/early_imr.o
                                        0x154 (size before relaxing)
 .eh_frame      0x000000000011f3e4       0x90 binaries/evec.o
                                         0xd0 (size before relaxing)
 .eh_frame      0x000000000011f474       0x24 binaries/freebuf.o
                                         0x50 (size before relaxing)
 .eh_frame      0x000000000011f498       0x24 binaries/freemem.o
                                         0x50 (size before relaxing)
 .eh_frame      0x000000000011f4bc       0x24 binaries/getbuf.o
                                         0x50 (size before relaxing)
 .eh_frame      0x000000000011f4e0       0x24 binaries/getc.o
                                         0x50 (size before relaxing)
 .eh_frame      0x000000000011f504       0x24 binaries/getdev.o
                                         0x50 (size before relaxing)
 .eh_frame      0x000000000011f528       0x78 binaries/getitem.o
                                         0xa4 (size before relaxing)
 .eh_frame      0x000000000011f5a0       0x24 binaries/getmem.o
                                         0x50 (size before relaxing)
 .eh_frame      0x000000000011f5c4       0x20 binaries/getpid.o
                                         0x4c (size before relaxing)
 .eh_frame      0x000000000011f5e4       0x24 binaries/getprio.o
                                         0x50 (size before relaxing)
 .eh_frame      0x000000000011f608       0x24 binaries/getstk.o
                                         0x50 (size before relaxing)
 .eh_frame      0x000000000011f62c       0x24 binaries/gettime.o
                                         0x50 (size before relaxing)
 .eh_frame      0x000000000011f650       0x24 binaries/getutime.o
                                         0x50 (size before relaxing)
 .eh_frame      0x000000000011f674       0xb0 binaries/hooks.o
                                         0xdc (size before relaxing)
 .eh_frame      0x000000000011f724       0x24 binaries/init.o
                                         0x50 (size before relaxing)
 .eh_frame      0x000000000011f748       0xa8 binaries/initialize.o
                                         0xe8 (size before relaxing)
 .eh_frame      0x000000000011f7f0       0x24 binaries/insert.o
                                         0x50 (size before relaxing)
 .eh_frame      0x000000000011f814       0x28 binaries/insertd.o
                                         0x54 (size before relaxing)
 .eh_frame      0x000000000011f83c       0x20 binaries/ioerr.o
                                         0x4c (size before relaxing)
 .eh_frame      0x000000000011f85c       0x20 binaries/ionull.o
                                         0x4c (size before relaxing)
 .eh_frame      0x000000000011f87c       0x2c binaries/kill.o
                                         0x58 (size before relaxing)
 .eh_frame      0x000000000011f8a8       0x88 binaries/kprintf.o
                                         0xc8 (size before relaxing)
 .eh_frame      0x000000000011f930       0x34 binaries/main.o
                                         0x60 (size before relaxing)
 .eh_frame      0x000000000011f964       0x48 binaries/mark.o
                                         0x74 (size before relaxing)
 .eh_frame      0x000000000011f9ac       0x44 binaries/meminit.o
                                         0x70 (size before relaxing)
 .eh_frame      0x000000000011f9f0       0x24 binaries/mkbufpool.o
                                         0x50 (size before relaxing)
 .eh_frame      0x000000000011fa14       0x24 binaries/newqueue.o
                                         0x50 (size before relaxing)
 .eh_frame      0x000000000011fa38       0x24 binaries/open.o
                                         0x50 (size before relaxing)
 .eh_frame      0x000000000011fa5c       0x1c binaries/panic.o
                                         0x48 (size before relaxing)
 .eh_frame      0x000000000011fa78      0x1c0 binaries/pci.o
                                        0x1ec (size before relaxing)
 .eh_frame      0x000000000011fc38       0x24 binaries/pfHandler.o
                                         0x50 (size before relaxing)
 .eh_frame      0x000000000011fc5c       0x24 binaries/platinit.o
                                         0x50 (size before relaxing)
 .eh_frame      0x000000000011fc80       0x24 binaries/ptclear.o
                                         0x50 (size before relaxing)
 .eh_frame      0x000000000011fca4       0x24 binaries/ptcount.o
                                         0x50 (size before relaxing)
 .eh_frame      0x000000000011fcc8       0x24 binaries/ptcreate.o
                                         0x50 (size before relaxing)
 .eh_frame      0x000000000011fcec       0x24 binaries/ptdelete.o
                                         0x50 (size before relaxing)
 .eh_frame      0x000000000011fd10       0x24 binaries/ptinit.o
                                         0x50 (size before relaxing)
 .eh_frame      0x000000000011fd34       0x24 binaries/ptrecv.o
                                         0x50 (size before relaxing)
 .eh_frame      0x000000000011fd58       0x24 binaries/ptreset.o
                                         0x50 (size before relaxing)
 .eh_frame      0x000000000011fd7c       0x24 binaries/ptsend.o
                                         0x50 (size before relaxing)
 .eh_frame      0x000000000011fda0       0x24 binaries/putc.o
                                         0x50 (size before relaxing)
 .eh_frame      0x000000000011fdc4       0x24 binaries/quark_irq.o
                                         0x50 (size before relaxing)
 .eh_frame      0x000000000011fde8       0x48 binaries/quark_pdat.o
                                         0x74 (size before relaxing)
 .eh_frame      0x000000000011fe30       0x48 binaries/queue.o
                                         0x88 (size before relaxing)
 .eh_frame      0x000000000011fe78       0x24 binaries/read.o
                                         0x50 (size before relaxing)
 .eh_frame      0x000000000011fe9c       0x28 binaries/ready.o
                                         0x54 (size before relaxing)
 .eh_frame      0x000000000011fec4       0x24 binaries/receive.o
                                         0x50 (size before relaxing)
 .eh_frame      0x000000000011fee8       0x24 binaries/recvclr.o
                                         0x50 (size before relaxing)
 .eh_frame      0x000000000011ff0c       0x24 binaries/recvtime.o
                                         0x50 (size before relaxing)
 .eh_frame      0x000000000011ff30       0x48 binaries/resched.o
                                         0x88 (size before relaxing)
 .eh_frame      0x000000000011ff78       0x24 binaries/resume.o
                                         0x50 (size before relaxing)
 .eh_frame      0x000000000011ff9c       0x24 binaries/seek.o
                                         0x50 (size before relaxing)
 .eh_frame      0x000000000011ffc0       0x24 binaries/semcount.o
                                         0x50 (size before relaxing)
 .eh_frame      0x000000000011ffe4       0x48 binaries/semcreate.o
                                         0x88 (size before relaxing)
 .eh_frame      0x000000000012002c       0x24 binaries/semdelete.o
                                         0x50 (size before relaxing)
 .eh_frame      0x0000000000120050       0x24 binaries/semreset.o
                                         0x50 (size before relaxing)
 .eh_frame      0x0000000000120074       0x24 binaries/send.o
                                         0x50 (size before relaxing)
 .eh_frame      0x0000000000120098       0x24 binaries/signal.o
                                         0x50 (size before relaxing)
 .eh_frame      0x00000000001200bc       0x24 binaries/signaln.o
                                         0x50 (size before relaxing)
 .eh_frame      0x00000000001200e0       0x44 binaries/sleep.o
                                         0x84 (size before relaxing)
 .eh_frame      0x0000000000120124       0x24 binaries/stacktrace.o
                                         0x50 (size before relaxing)
 .eh_frame      0x0000000000120148       0x24 binaries/suspend.o
                                         0x50 (size before relaxing)
 .eh_frame      0x000000000012016c       0x24 binaries/unsleep.o
                                         0x50 (size before relaxing)
 .eh_frame      0x0000000000120190       0x24 binaries/userret.o
                                         0x50 (size before relaxing)
 .eh_frame      0x00000000001201b4       0x48 binaries/vcreate.o
                                         0x88 (size before relaxing)
 .eh_frame      0x00000000001201fc       0x24 binaries/vfreemem.o
                                         0x50 (size before relaxing)
 .eh_frame      0x0000000000120220       0x24 binaries/vgetmem.o
                                         0x50 (size before relaxing)
 .eh_frame      0x0000000000120244       0x24 binaries/wait.o
                                         0x50 (size before relaxing)
 .eh_frame      0x0000000000120268       0x24 binaries/wakeup.o
                                         0x50 (size before relaxing)
 .eh_frame      0x000000000012028c       0x24 binaries/write.o
                                         0x50 (size before relaxing)
 .eh_frame      0x00000000001202b0       0x24 binaries/xdone.o
                                         0x50 (size before relaxing)
 .eh_frame      0x00000000001202d4       0x24 binaries/yield.o
                                         0x50 (size before relaxing)
 .eh_frame      0x00000000001202f8       0x20 binaries/abs.o
                                         0x4c (size before relaxing)
 .eh_frame      0x0000000000120318       0x20 binaries/atoi.o
                                         0x4c (size before relaxing)
 .eh_frame      0x0000000000120338       0x20 binaries/atol.o
                                         0x4c (size before relaxing)
 .eh_frame      0x0000000000120358       0x20 binaries/bzero.o
                                         0x4c (size before relaxing)
 .eh_frame      0x0000000000120378       0xcc binaries/doprnt.o
                                        0x10c (size before relaxing)
 .eh_frame      0x0000000000120444       0xc8 binaries/doscan.o
                                         0xf4 (size before relaxing)
 .eh_frame      0x000000000012050c       0xcc binaries/fdoprnt.o
                                        0x10c (size before relaxing)
 .eh_frame      0x00000000001205d8       0x24 binaries/fgetc.o
                                         0x50 (size before relaxing)
 .eh_frame      0x00000000001205fc       0x24 binaries/fgets.o
                                         0x50 (size before relaxing)
 .eh_frame      0x0000000000120620       0x24 binaries/fprintf.o
                                         0x50 (size before relaxing)
 .eh_frame      0x0000000000120644       0x24 binaries/fputc.o
                                         0x50 (size before relaxing)
 .eh_frame      0x0000000000120668       0x24 binaries/fputs.o
                                         0x50 (size before relaxing)
 .eh_frame      0x000000000012068c       0x68 binaries/fscanf.o
                                         0x94 (size before relaxing)
 .eh_frame      0x00000000001206f4       0x24 binaries/getchar.o
                                         0x50 (size before relaxing)
 .eh_frame      0x0000000000120718       0x20 binaries/labs.o
                                         0x4c (size before relaxing)
 .eh_frame      0x0000000000120738       0x20 binaries/memchr.o
                                         0x4c (size before relaxing)
 .eh_frame      0x0000000000120758       0x20 binaries/memcmp.o
                                         0x4c (size before relaxing)
 .eh_frame      0x0000000000120778       0x24 binaries/memcpy.o
                                         0x50 (size before relaxing)
 .eh_frame      0x000000000012079c       0x24 binaries/memset.o
                                         0x50 (size before relaxing)
 .eh_frame      0x00000000001207c0       0x24 binaries/printf.o
                                         0x50 (size before relaxing)
 .eh_frame      0x00000000001207e4       0x24 binaries/putchar.o
                                         0x50 (size before relaxing)
 .eh_frame      0x0000000000120808       0xa4 binaries/qsort.o
                                         0xd0 (size before relaxing)
 .eh_frame      0x00000000001208ac       0x40 binaries/rand.o
                                         0x6c (size before relaxing)
 .eh_frame      0x00000000001208ec       0x44 binaries/sprintf.o
                                         0x70 (size before relaxing)
 .eh_frame      0x0000000000120930       0x64 binaries/sscanf.o
                                         0x90 (size before relaxing)
 .eh_frame      0x0000000000120994       0x20 binaries/strchr.o
                                         0x4c (size before relaxing)
 .eh_frame      0x00000000001209b4       0x20 binaries/strcmp.o
                                         0x4c (size before relaxing)
 .eh_frame      0x00000000001209d4       0x20 binaries/strcpy.o
                                         0x4c (size before relaxing)
 .eh_frame      0x00000000001209f4       0x20 binaries/strlen.o
                                         0x4c (size before relaxing)
 .eh_frame      0x0000000000120a14       0x20 binaries/strncat.o
                                         0x4c (size before relaxing)
 .eh_frame      0x0000000000120a34       0x20 binaries/strncmp.o
                                         0x4c (size before relaxing)
 .eh_frame      0x0000000000120a54       0x28 binaries/strncpy.o
                                         0x54 (size before relaxing)
 .eh_frame      0x0000000000120a7c       0x20 binaries/strnlen.o
                                         0x4c (size before relaxing)
 .eh_frame      0x0000000000120a9c       0x20 binaries/strrchr.o
                                         0x4c (size before relaxing)
 .eh_frame      0x0000000000120abc       0x20 binaries/strstr.o
                                         0x4c (size before relaxing)
 .eh_frame      0x0000000000120adc       0x24 binaries/ttycontrol.o
                                         0x50 (size before relaxing)
 .eh_frame      0x0000000000120b00       0x24 binaries/ttygetc.o
                                         0x50 (size before relaxing)
 .eh_frame      0x0000000000120b24       0x88 binaries/ttyhandle_in.o
                                         0xdc (size before relaxing)
 .eh_frame      0x0000000000120bac       0x24 binaries/ttyhandle_out.o
                                         0x50 (size before relaxing)
 .eh_frame      0x0000000000120bd0       0x24 binaries/ttyhandler.o
                                         0x50 (size before relaxing)
 .eh_frame      0x0000000000120bf4       0x24 binaries/ttyinit.o
                                         0x50 (size before relaxing)
 .eh_frame      0x0000000000120c18       0x20 binaries/ttykickout.o
                                         0x4c (size before relaxing)
 .eh_frame      0x0000000000120c38       0x24 binaries/ttyputc.o
                                         0x50 (size before relaxing)
 .eh_frame      0x0000000000120c5c       0x24 binaries/ttyread.o
                                         0x50 (size before relaxing)
 .eh_frame      0x0000000000120c80       0x24 binaries/ttywrite.o
                                         0x50 (size before relaxing)
 .eh_frame      0x0000000000120ca4       0x44 binaries/mount.o
                                         0x84 (size before relaxing)
 .eh_frame      0x0000000000120ce8       0x24 binaries/naminit.o
                                         0x50 (size before relaxing)
 .eh_frame      0x0000000000120d0c       0x68 binaries/nammap.o
                                         0xa8 (size before relaxing)
 .eh_frame      0x0000000000120d74       0x24 binaries/namopen.o
                                         0x50 (size before relaxing)
 .eh_frame      0x0000000000120d98       0x28 binaries/colon2mac.o
                                         0x54 (size before relaxing)
 .eh_frame      0x0000000000120dc0       0x24 binaries/ethcontrol.o
                                         0x50 (size before relaxing)
 .eh_frame      0x0000000000120de4       0x24 binaries/ethhandler.o
                                         0x50 (size before relaxing)
 .eh_frame      0x0000000000120e08       0xb8 binaries/ethinit.o
                                         0xf8 (size before relaxing)
 .eh_frame      0x0000000000120ec0       0x48 binaries/ethmcast.o
                                         0x88 (size before relaxing)
 .eh_frame      0x0000000000120f08       0x24 binaries/ethread.o
                                         0x50 (size before relaxing)
 .eh_frame      0x0000000000120f2c       0x24 binaries/ethwrite.o
                                         0x50 (size before relaxing)
 .eh_frame      0x0000000000120f50       0x24 binaries/rdsbufalloc.o
                                         0x50 (size before relaxing)
 .eh_frame      0x0000000000120f74       0x20 binaries/rdsclose.o
                                         0x4c (size before relaxing)
 .eh_frame      0x0000000000120f94       0x24 binaries/rdscomm.o
                                         0x50 (size before relaxing)
 .eh_frame      0x0000000000120fb8       0x24 binaries/rdscontrol.o
                                         0x50 (size before relaxing)
 .eh_frame      0x0000000000120fdc       0x24 binaries/rdsinit.o
                                         0x50 (size before relaxing)
 .eh_frame      0x0000000000121000       0x24 binaries/rdsopen.o
                                         0x50 (size before relaxing)
 .eh_frame      0x0000000000121024       0x1c binaries/rdsprocess.o
                                         0x48 (size before relaxing)
 .eh_frame      0x0000000000121040       0x24 binaries/rdsread.o
                                         0x50 (size before relaxing)
 .eh_frame      0x0000000000121064       0x24 binaries/rdswrite.o
                                         0x50 (size before relaxing)
 .eh_frame      0x0000000000121088       0x20 binaries/ramclose.o
                                         0x4c (size before relaxing)
 .eh_frame      0x00000000001210a8       0x24 binaries/raminit.o
                                         0x50 (size before relaxing)
 .eh_frame      0x00000000001210cc       0x20 binaries/ramopen.o
                                         0x4c (size before relaxing)
 .eh_frame      0x00000000001210ec       0x24 binaries/ramread.o
                                         0x50 (size before relaxing)
 .eh_frame      0x0000000000121110       0x24 binaries/ramwrite.o
                                         0x50 (size before relaxing)
 .eh_frame      0x0000000000121134       0x24 binaries/lfdballoc.o
                                         0x50 (size before relaxing)
 .eh_frame      0x0000000000121158       0x24 binaries/lfdbfree.o
                                         0x50 (size before relaxing)
 .eh_frame      0x000000000012117c       0x24 binaries/lfflush.o
                                         0x50 (size before relaxing)
 .eh_frame      0x00000000001211a0       0x20 binaries/lfgetmode.o
                                         0x4c (size before relaxing)
 .eh_frame      0x00000000001211c0       0x24 binaries/lfiballoc.o
                                         0x50 (size before relaxing)
 .eh_frame      0x00000000001211e4       0x20 binaries/lfibclear.o
                                         0x4c (size before relaxing)
 .eh_frame      0x0000000000121204       0x24 binaries/lfibget.o
                                         0x50 (size before relaxing)
 .eh_frame      0x0000000000121228       0x24 binaries/lfibput.o
                                         0x50 (size before relaxing)
 .eh_frame      0x000000000012124c       0x24 binaries/lflclose.o
                                         0x50 (size before relaxing)
 .eh_frame      0x0000000000121270       0x24 binaries/lflcontrol.o
                                         0x50 (size before relaxing)
 .eh_frame      0x0000000000121294       0x24 binaries/lflgetc.o
                                         0x50 (size before relaxing)
 .eh_frame      0x00000000001212b8       0x24 binaries/lflinit.o
                                         0x50 (size before relaxing)
 .eh_frame      0x00000000001212dc       0x24 binaries/lflputc.o
                                         0x50 (size before relaxing)
 .eh_frame      0x0000000000121300       0x24 binaries/lflread.o
                                         0x50 (size before relaxing)
 .eh_frame      0x0000000000121324       0x24 binaries/lflseek.o
                                         0x50 (size before relaxing)
 .eh_frame      0x0000000000121348       0x24 binaries/lflwrite.o
                                         0x50 (size before relaxing)
 .eh_frame      0x000000000012136c       0x24 binaries/lfsckfmt.o
                                         0x50 (size before relaxing)
 .eh_frame      0x0000000000121390       0x24 binaries/lfscreate.o
                                         0x50 (size before relaxing)
 .eh_frame      0x00000000001213b4       0x24 binaries/lfsetup.o
                                         0x50 (size before relaxing)
 .eh_frame      0x00000000001213d8       0x24 binaries/lfsinit.o
                                         0x50 (size before relaxing)
 .eh_frame      0x00000000001213fc       0x24 binaries/lfsopen.o
                                         0x50 (size before relaxing)
 .eh_frame      0x0000000000121420       0x24 binaries/lftruncate.o
                                         0x50 (size before relaxing)
 .eh_frame      0x0000000000121444       0x24 binaries/rflclose.o
                                         0x50 (size before relaxing)
 .eh_frame      0x0000000000121468       0x24 binaries/rflgetc.o
                                         0x50 (size before relaxing)
 .eh_frame      0x000000000012148c       0x20 binaries/rflinit.o
                                         0x4c (size before relaxing)
 .eh_frame      0x00000000001214ac       0x24 binaries/rflputc.o
                                         0x50 (size before relaxing)
 .eh_frame      0x00000000001214d0       0x24 binaries/rflread.o
                                         0x50 (size before relaxing)
 .eh_frame      0x00000000001214f4       0x24 binaries/rflseek.o
                                         0x50 (size before relaxing)
 .eh_frame      0x0000000000121518       0x24 binaries/rflwrite.o
                                         0x50 (size before relaxing)
 .eh_frame      0x000000000012153c       0x24 binaries/rfscomm.o
                                         0x50 (size before relaxing)
 .eh_frame      0x0000000000121560       0x24 binaries/rfscontrol.o
                                         0x50 (size before relaxing)
 .eh_frame      0x0000000000121584       0x20 binaries/rfsgetmode.o
                                         0x4c (size before relaxing)
 .eh_frame      0x00000000001215a4       0x24 binaries/rfsinit.o
                                         0x50 (size before relaxing)
 .eh_frame      0x00000000001215c8       0x24 binaries/rfsndmsg.o
                                         0x50 (size before relaxing)
 .eh_frame      0x00000000001215ec       0x24 binaries/rfsopen.o
                                         0x50 (size before relaxing)
 .eh_frame      0x0000000000121610       0xd0 binaries/arp.o
                                        0x124 (size before relaxing)
 .eh_frame      0x00000000001216e0       0xac binaries/dhcp.o
                                         0xec (size before relaxing)
 .eh_frame      0x000000000012178c       0x20 binaries/dot2ip.o
                                         0x4c (size before relaxing)
 .eh_frame      0x00000000001217ac       0x48 binaries/hexdump.o
                                         0x74 (size before relaxing)
 .eh_frame      0x00000000001217f4      0x168 binaries/icmp.o
                                        0x1bc (size before relaxing)
 .eh_frame      0x000000000012195c      0x130 binaries/ip.o
                                        0x170 (size before relaxing)
 .eh_frame      0x0000000000121a8c       0x80 binaries/net.o
                                         0xc0 (size before relaxing)
 .eh_frame      0x0000000000121b0c       0x30 binaries/netstart.o
                                         0x5c (size before relaxing)
 .eh_frame      0x0000000000121b3c       0x60 binaries/pdump.o
                                         0xa0 (size before relaxing)
 .eh_frame      0x0000000000121b9c       0x68 binaries/tftp.o
                                         0xa8 (size before relaxing)
 .eh_frame      0x0000000000121c04      0x160 binaries/udp.o
                                        0x1b4 (size before relaxing)
 .eh_frame      0x0000000000121d64       0x24 binaries/addargs.o
                                         0x50 (size before relaxing)
 .eh_frame      0x0000000000121d88       0x20 binaries/lexan.o
                                         0x4c (size before relaxing)
 .eh_frame      0x0000000000121da8       0x2c binaries/shell.o
                                         0x58 (size before relaxing)
 .eh_frame      0x0000000000121dd4       0x24 binaries/xsh_argecho.o
                                         0x50 (size before relaxing)
 .eh_frame      0x0000000000121df8       0x48 binaries/xsh_arp.o
                                         0x74 (size before relaxing)
 .eh_frame      0x0000000000121e40       0x2c binaries/xsh_cat.o
                                         0x58 (size before relaxing)
 .eh_frame      0x0000000000121e6c       0x28 binaries/xsh_clear.o
                                         0x54 (size before relaxing)
 .eh_frame      0x0000000000121e94       0x2c binaries/xsh_date.o
                                         0x58 (size before relaxing)
 .eh_frame      0x0000000000121ec0       0x24 binaries/xsh_devdump.o
                                         0x50 (size before relaxing)
 .eh_frame      0x0000000000121ee4       0x24 binaries/xsh_echo.o
                                         0x50 (size before relaxing)
 .eh_frame      0x0000000000121f08       0x20 binaries/xsh_exit.o
                                         0x4c (size before relaxing)
 .eh_frame      0x0000000000121f28       0x2c binaries/xsh_help.o
                                         0x58 (size before relaxing)
 .eh_frame      0x0000000000121f54       0x30 binaries/xsh_ipaddr.o
                                         0x5c (size before relaxing)
 .eh_frame      0x0000000000121f84       0x2c binaries/xsh_kill.o
                                         0x58 (size before relaxing)
 .eh_frame      0x0000000000121fb0       0x4c binaries/xsh_memdump.o
                                         0x8c (size before relaxing)
 .eh_frame      0x0000000000121ffc       0x74 binaries/xsh_memstat.o
                                         0xa0 (size before relaxing)
 .eh_frame      0x0000000000122070       0x30 binaries/xsh_ping.o
                                         0x5c (size before relaxing)
 .eh_frame      0x00000000001220a0       0x30 binaries/xsh_ps.o
                                         0x5c (size before relaxing)
 .eh_frame      0x00000000001220d0       0x2c binaries/xsh_sleep.o
                                         0x58 (size before relaxing)
 .eh_frame      0x00000000001220fc       0x2c binaries/xsh_udpdump.o
                                         0x58 (size before relaxing)
 .eh_frame      0x0000000000122128       0x30 binaries/xsh_udpecho.o
                                         0x5c (size before relaxing)
 .eh_frame      0x0000000000122158       0x30 binaries/xsh_udpeserver.o
                                         0x5c (size before relaxing)
 .eh_frame      0x0000000000122188       0x2c binaries/xsh_uptime.o
                                         0x58 (size before relaxing)
 .eh_frame      0x00000000001221b4       0x24 binaries/allocate_bs.o
                                         0x50 (size before relaxing)
 .eh_frame      0x00000000001221d8       0xe0 binaries/bsdent.o
                                        0x10c (size before relaxing)
 .eh_frame      0x00000000001222b8       0x24 binaries/close_bs.o
                                         0x50 (size before relaxing)
 .eh_frame      0x00000000001222dc       0x24 binaries/deallocate_bs.o
                                         0x50 (size before relaxing)
 .eh_frame      0x0000000000122300      0x18c binaries/frame.o
                                        0x1b8 (size before relaxing)
 .eh_frame      0x000000000012248c       0x28 binaries/get_bs.o
                                         0x54 (size before relaxing)
 .eh_frame      0x00000000001224b4       0x24 binaries/open_bs.o
                                         0x50 (size before relaxing)
 .eh_frame      0x00000000001224d8       0xd8 binaries/page.o
                                        0x104 (size before relaxing)
 .eh_frame      0x00000000001225b0       0x6c binaries/pregs.o
                                         0x98 (size before relaxing)
 .eh_frame      0x000000000012261c       0x24 binaries/psinit.o
                                         0x50 (size before relaxing)
 .eh_frame      0x0000000000122640       0x2c binaries/read_bs.o
                                         0x58 (size before relaxing)
 .eh_frame      0x000000000012266c       0x24 binaries/release_bs.o
                                         0x50 (size before relaxing)
 .eh_frame      0x0000000000122690       0x2c binaries/write_bs.o
                                         0x58 (size before relaxing)

.iplt           0x00000000001226c0        0x0
 .iplt          0x00000000001226c0        0x0 binaries/start.o

.rel.dyn        0x00000000001226bc        0x0
 .rel.got       0x00000000001226bc        0x0 binaries/start.o
 .rel.iplt      0x00000000001226bc        0x0 binaries/start.o
 .rel.text      0x00000000001226bc        0x0 binaries/start.o

.data           0x00000000001226c0     0x1940
                0x00000000001226c0                data = ABSOLUTE (.)
 *(.data .data.*)
 .data          0x00000000001226c0      0x85a binaries/start.o
                0x00000000001226c0                gdt
                0x0000000000122710                idt
                0x0000000000122f16                cpudelay
 .data          0x0000000000122f1a        0x0 binaries/ascdate.o
 *fill*         0x0000000000122f1a        0x6 
 .data.rel.local
                0x0000000000122f20       0x88 binaries/ascdate.o
                0x0000000000122f20                Date
 .data          0x0000000000122fa8        0x0 binaries/bufinit.o
 .data          0x0000000000122fa8        0x0 binaries/chprio.o
 .data          0x0000000000122fa8        0x4 binaries/clkhandler.o
 .data          0x0000000000122fac        0x0 binaries/clkinit.o
 .data          0x0000000000122fac        0x0 binaries/close.o
 .data          0x0000000000122fac        0x0 binaries/conf.o
 *fill*         0x0000000000122fac       0x14 
 .data.rel      0x0000000000122fc0      0x30c binaries/conf.o
                0x0000000000122fc0                devtab
 .data          0x00000000001232cc        0x0 binaries/control.o
 .data          0x00000000001232cc        0x0 binaries/createApps.o
 .data          0x00000000001232cc        0x4 binaries/create.o
 .data          0x00000000001232d0        0x0 binaries/createVApps.o
 .data          0x00000000001232d0        0x0 binaries/early_imr.o
 .data          0x00000000001232d0        0x0 binaries/evec.o
 *fill*         0x00000000001232d0       0x10 
 .data.rel.local
                0x00000000001232e0       0x40 binaries/evec.o
                0x00000000001232e0                inames
 .data          0x0000000000123320        0x0 binaries/freebuf.o
 .data          0x0000000000123320        0x0 binaries/freemem.o
 .data          0x0000000000123320        0x0 binaries/getbuf.o
 .data          0x0000000000123320        0x0 binaries/getc.o
 .data          0x0000000000123320        0x0 binaries/getdev.o
 .data          0x0000000000123320        0x0 binaries/getitem.o
 .data          0x0000000000123320        0x0 binaries/getmem.o
 .data          0x0000000000123320        0x0 binaries/getpid.o
 .data          0x0000000000123320        0x0 binaries/getprio.o
 .data          0x0000000000123320        0x0 binaries/getstk.o
 .data          0x0000000000123320        0x0 binaries/gettime.o
 .data          0x0000000000123320        0x0 binaries/getutime.o
 .data          0x0000000000123320        0x0 binaries/hooks.o
 .data          0x0000000000123320        0x0 binaries/init.o
 .data          0x0000000000123320        0x0 binaries/initialize.o
 .data          0x0000000000123320        0x0 binaries/insert.o
 .data          0x0000000000123320        0x0 binaries/insertd.o
 .data          0x0000000000123320        0x0 binaries/ioerr.o
 .data          0x0000000000123320        0x0 binaries/ionull.o
 .data          0x0000000000123320        0x0 binaries/kill.o
 .data          0x0000000000123320        0x0 binaries/kprintf.o
 .data          0x0000000000123320        0x0 binaries/main.o
 .data          0x0000000000123320        0x0 binaries/mark.o
 .data          0x0000000000123320       0x60 binaries/meminit.o
                0x0000000000123320                bootsign
                0x0000000000123324                bootinfo
                0x0000000000123340                gdt_copy
 .data          0x0000000000123380        0x0 binaries/mkbufpool.o
 .data          0x0000000000123380        0x2 binaries/newqueue.o
 .data          0x0000000000123382        0x0 binaries/open.o
 .data          0x0000000000123382        0x0 binaries/panic.o
 .data          0x0000000000123382        0x0 binaries/pci.o
 .data          0x0000000000123382        0x0 binaries/pfHandler.o
 .data          0x0000000000123382        0x0 binaries/platinit.o
 .data          0x0000000000123382        0x0 binaries/ptclear.o
 .data          0x0000000000123382        0x0 binaries/ptcount.o
 .data          0x0000000000123382        0x0 binaries/ptcreate.o
 .data          0x0000000000123382        0x0 binaries/ptdelete.o
 .data          0x0000000000123382        0x0 binaries/ptinit.o
 .data          0x0000000000123382        0x0 binaries/ptrecv.o
 .data          0x0000000000123382        0x0 binaries/ptreset.o
 .data          0x0000000000123382        0x0 binaries/ptsend.o
 .data          0x0000000000123382        0x0 binaries/putc.o
 .data          0x0000000000123382        0x0 binaries/quark_irq.o
 .data          0x0000000000123382        0x0 binaries/quark_pdat.o
 .data          0x0000000000123382        0x0 binaries/queue.o
 .data          0x0000000000123382        0x0 binaries/read.o
 .data          0x0000000000123382        0x0 binaries/ready.o
 .data          0x0000000000123382        0x0 binaries/receive.o
 .data          0x0000000000123382        0x0 binaries/recvclr.o
 .data          0x0000000000123382        0x0 binaries/recvtime.o
 .data          0x0000000000123382        0x0 binaries/resched.o
 .data          0x0000000000123382        0x0 binaries/resume.o
 .data          0x0000000000123382        0x0 binaries/seek.o
 .data          0x0000000000123382        0x0 binaries/semcount.o
 .data          0x0000000000123382        0x0 binaries/semcreate.o
 .data          0x0000000000123382        0x0 binaries/semdelete.o
 .data          0x0000000000123382        0x0 binaries/semreset.o
 .data          0x0000000000123382        0x0 binaries/send.o
 .data          0x0000000000123382        0x0 binaries/signal.o
 .data          0x0000000000123382        0x0 binaries/signaln.o
 .data          0x0000000000123382        0x0 binaries/sleep.o
 .data          0x0000000000123382        0x0 binaries/stacktrace.o
 .data          0x0000000000123382        0x0 binaries/suspend.o
 .data          0x0000000000123382        0x0 binaries/unsleep.o
 .data          0x0000000000123382        0x0 binaries/userret.o
 *fill*         0x0000000000123382        0x2 
 .data          0x0000000000123384        0x4 binaries/vcreate.o
 .data          0x0000000000123388        0x0 binaries/vfreemem.o
 .data          0x0000000000123388        0x0 binaries/vgetmem.o
 .data          0x0000000000123388        0x0 binaries/wait.o
 .data          0x0000000000123388        0x0 binaries/wakeup.o
 .data          0x0000000000123388        0x0 binaries/write.o
 .data          0x0000000000123388        0x0 binaries/xdone.o
 .data          0x0000000000123388        0x0 binaries/yield.o
 .data          0x0000000000123388        0x0 binaries/abs.o
 .data          0x0000000000123388        0x0 binaries/atoi.o
 .data          0x0000000000123388        0x0 binaries/atol.o
 .data          0x0000000000123388        0x0 binaries/bzero.o
 .data          0x0000000000123388        0x0 binaries/ctype_.o
 .data          0x0000000000123388        0x0 binaries/doprnt.o
 *fill*         0x0000000000123388       0x18 
 .data          0x00000000001233a0       0x80 binaries/doscan.o
                0x00000000001233a0                _sctab
 .data          0x0000000000123420        0x0 binaries/fdoprnt.o
 .data          0x0000000000123420        0x0 binaries/fgetc.o
 .data          0x0000000000123420        0x0 binaries/fgets.o
 .data          0x0000000000123420        0x0 binaries/fprintf.o
 .data          0x0000000000123420        0x0 binaries/fputc.o
 .data          0x0000000000123420        0x0 binaries/fputs.o
 .data          0x0000000000123420        0x0 binaries/fscanf.o
 .data          0x0000000000123420        0x0 binaries/getchar.o
 .data          0x0000000000123420        0x0 binaries/labs.o
 .data          0x0000000000123420        0x0 binaries/memchr.o
 .data          0x0000000000123420        0x0 binaries/memcmp.o
 .data          0x0000000000123420        0x0 binaries/memcpy.o
 .data          0x0000000000123420        0x0 binaries/memset.o
 .data          0x0000000000123420        0x0 binaries/printf.o
 .data          0x0000000000123420        0x0 binaries/putchar.o
 .data          0x0000000000123420        0x0 binaries/qsort.o
 .data          0x0000000000123420        0x4 binaries/rand.o
 .data          0x0000000000123424        0x0 binaries/sprintf.o
 .data          0x0000000000123424        0x0 binaries/sscanf.o
 .data          0x0000000000123424        0x0 binaries/strchr.o
 .data          0x0000000000123424        0x0 binaries/strcmp.o
 .data          0x0000000000123424        0x0 binaries/strcpy.o
 .data          0x0000000000123424        0x0 binaries/strlen.o
 .data          0x0000000000123424        0x0 binaries/strncat.o
 .data          0x0000000000123424        0x0 binaries/strncmp.o
 .data          0x0000000000123424        0x0 binaries/strncpy.o
 .data          0x0000000000123424        0x0 binaries/strnlen.o
 .data          0x0000000000123424        0x0 binaries/strrchr.o
 .data          0x0000000000123424        0x0 binaries/strstr.o
 .data          0x0000000000123424        0x0 binaries/ttycontrol.o
 .data          0x0000000000123424        0x0 binaries/ttygetc.o
 .data          0x0000000000123424        0x0 binaries/ttyhandle_in.o
 .data          0x0000000000123424        0x0 binaries/ttyhandle_out.o
 .data          0x0000000000123424        0x0 binaries/ttyhandler.o
 .data          0x0000000000123424        0x0 binaries/ttyinit.o
 .data          0x0000000000123424        0x0 binaries/ttykickout.o
 .data          0x0000000000123424        0x0 binaries/ttyputc.o
 .data          0x0000000000123424        0x0 binaries/ttyread.o
 .data          0x0000000000123424        0x0 binaries/ttywrite.o
 .data          0x0000000000123424        0x0 binaries/mount.o
 .data          0x0000000000123424        0x0 binaries/naminit.o
 .data          0x0000000000123424        0x0 binaries/nammap.o
 .data          0x0000000000123424        0x0 binaries/namopen.o
 .data          0x0000000000123424        0x0 binaries/colon2mac.o
 .data          0x0000000000123424        0x0 binaries/ethcontrol.o
 .data          0x0000000000123424        0x0 binaries/ethhandler.o
 .data          0x0000000000123424        0x0 binaries/ethinit.o
 .data          0x0000000000123424        0x0 binaries/ethmcast.o
 .data          0x0000000000123424        0x0 binaries/ethread.o
 .data          0x0000000000123424        0x0 binaries/ethwrite.o
 .data          0x0000000000123424        0x0 binaries/rdsbufalloc.o
 .data          0x0000000000123424        0x0 binaries/rdsclose.o
 .data          0x0000000000123424        0x0 binaries/rdscomm.o
 .data          0x0000000000123424        0x0 binaries/rdscontrol.o
 .data          0x0000000000123424        0x0 binaries/rdsinit.o
 .data          0x0000000000123424        0x0 binaries/rdsopen.o
 .data          0x0000000000123424        0x0 binaries/rdsprocess.o
 .data          0x0000000000123424        0x0 binaries/rdsread.o
 .data          0x0000000000123424        0x0 binaries/rdswrite.o
 .data          0x0000000000123424        0x0 binaries/ramclose.o
 .data          0x0000000000123424        0x0 binaries/raminit.o
 .data          0x0000000000123424        0x0 binaries/ramopen.o
 .data          0x0000000000123424        0x0 binaries/ramread.o
 .data          0x0000000000123424        0x0 binaries/ramwrite.o
 .data          0x0000000000123424        0x0 binaries/lfdballoc.o
 .data          0x0000000000123424        0x0 binaries/lfdbfree.o
 .data          0x0000000000123424        0x0 binaries/lfflush.o
 .data          0x0000000000123424        0x0 binaries/lfgetmode.o
 .data          0x0000000000123424        0x0 binaries/lfiballoc.o
 .data          0x0000000000123424        0x0 binaries/lfibclear.o
 .data          0x0000000000123424        0x0 binaries/lfibget.o
 .data          0x0000000000123424        0x0 binaries/lfibput.o
 .data          0x0000000000123424        0x0 binaries/lflclose.o
 .data          0x0000000000123424        0x0 binaries/lflcontrol.o
 .data          0x0000000000123424        0x0 binaries/lflgetc.o
 .data          0x0000000000123424        0x0 binaries/lflinit.o
 .data          0x0000000000123424        0x0 binaries/lflputc.o
 .data          0x0000000000123424        0x0 binaries/lflread.o
 .data          0x0000000000123424        0x0 binaries/lflseek.o
 .data          0x0000000000123424        0x0 binaries/lflwrite.o
 .data          0x0000000000123424        0x0 binaries/lfsckfmt.o
 .data          0x0000000000123424        0x0 binaries/lfscreate.o
 .data          0x0000000000123424        0x0 binaries/lfsetup.o
 .data          0x0000000000123424        0x0 binaries/lfsinit.o
 .data          0x0000000000123424        0x0 binaries/lfsopen.o
 .data          0x0000000000123424        0x0 binaries/lftruncate.o